FM_TEST_BEGIN 2026-09-01T07:09:44Z tests/fm-teardown.test.sh family=pr-forge expected_gate_skip=none
ok - local-only worktree with HEAD on a fork remote is torn down (fix holds)
ok - teardown help owns the five-line measure contract
ok - measure gate covers builder, verifier, legacy, scout, secondmate, and force cases
ok - empty and unpaired measures refuse cleanup
ok - complete paired measure allows cleanup
ok - scout teardown requires its report and captain-hold completion, not source repetition
ok - teardown prompts tasks-axi backlog refresh when compatible
ok - teardown honors config/backlog-backend=manual even when tasks-axi is compatible
ok - local-only worktree with truly unpushed work is refused (safety preserved)
ok - local-only worktree with work merged into local main is torn down (no regression)
ok - no-mistakes worktree with HEAD on origin is torn down (no regression)
ok - no-mistakes worktree landed by a real merge commit is torn down
ok - no-mistakes worktree with genuinely unlanded work is refused (safety preserved)
ok - local-only worktree with unpushed work is torn down under --force (escape hatch)
ok - teardown completes when an exact busy-state sidecar is already absent
ok - herdr teardown removes pane-owned escalation dedupe state
ok - herdr flat teardown refuses before returning the isolated copy under lock contention and the retry completes cleanly
ok - herdr flat teardown never erases records when pane presence is unparseable
ok - herdr flat teardown preflight refuses before every destructive change
ok - forced secondmate cleanup skips child measures
ok - forced secondmate teardown preflights every Herdr child before cleanup mutation
ok - forced secondmate teardown holds every descendant lifecycle and metadata lock
ok - forced secondmate teardown retains Herdr child identity until exact pane disappearance
ok - forced teardown retains a nested secondmate home and its grandchild's Herdr identity when the grandchild close is unconfirmed
ok - herdr projection teardown retires its journal only after confirming the exact recorded pane is gone
ok - herdr projection teardown retains every record when post-close presence is unknown
ok - released Herdr rerun skips Treehouse and leaves a newer task at the reused path alive
ok - stale lease mismatch preserves the newer process, content, metadata, and endpoint
ok - missing, duplicate, and malformed task lease metadata refuse before cleanup
ok - herdr projection teardown surfaces failed focus restoration without turning confirmed cleanup into a hard failure
ok - squash-merged + deleted-branch worktree (PR merged) is torn down (the fix)
ok - squash-merged PR accepts a local HEAD that is an ancestor of the final PR head
ok - teardown discovers a merged PR by branch name and tears down when no pr= was ever recorded
ok - squash-merged PR accepts replayed unpushed local patches contained in the PR head
ok - merged PR does not allow teardown after a later local commit
ok - fm-pr-check does not refresh PR head after HEAD moves
ok - fm-pr-check records the remote PR head when the local worktree lags
ok - worktree whose content already landed in the default branch is torn down (content fallback)
ok - content fallback refreshes origin default before comparing trees
ok - dirty worktree is refused even when its committed work has landed (dirty always wins)
ok - gh lookup error with content not in default refuses (fail-safe)
ok - provably-stale worktree index.lock (old, no live holder) is cleared and teardown succeeds
ok - live-held worktree index.lock is never removed and teardown refuses
ok - lsof errors leave worktree index.lock in place and refuse teardown
ok - stale lock cleanup rechecks and refuses dirty worktree before return
ok - normal repo index.lock is resolved from the worktree and cleared when stale
ok - lock mtime read failures leave worktree index.lock in place and refuse teardown
ok - transient index.lock cleared after first failed return is retried successfully without force-remove
ok - persistent index.lock exhausts retries and refuses without force-removing the lock
ok - empty retry wait overrides use the default without aborting teardown
ok - fractional legacy retry wait remains supported without arithmetic
ok - an Orca task's leaked worktree process is reaped before its worktree is removed
ok - a held lease with a missing worktree refuses with its exact lease and path
ok - a released lease with a missing worktree still finishes record cleanup
ok - a child held lease with a missing worktree refuses with its exact lease and path
not ok - lease-id-backslash: teardown refused a valid lease ID 'wt\3': expected exit 0, got 1
FM_TEST_END 2026-09-01T07:12:24Z tests/fm-teardown.test.sh exit=1 duration_ms=160444 gate_skip=false
FM_TEST_SUMMARY total=1 failed=1 skipped_gate=0 duration_ms=160520
FM_TEST_SUMMARY_FAMILY family=pr-forge count=1 duration_ms=160444 failed=1
FM_TEST_SLOWEST rank=1 script=tests/fm-teardown.test.sh duration_ms=160444
exit=1 (expect non-zero)
