ok - simultaneous watcher starts leave exactly one live process
ok - fm_pid_identity real ps fallback is locale-invariant
ok - fm_pid_identity is locale-invariant across LC_ALL/LC_TIME
ok - /proc process identity ignores simulated btime changes
ok - /proc process identity detects pid reuse
ok - MSYS /proc process identity regression skipped on non-Windows host
ok - killed watcher stale lock is reclaimed
tests/fm-watcher-lock.test.sh: line 1140: 70627 Killed: 9               FM_STATE_OVERRIDE="$state" bash -c '
    . "$1"
    fm_lock_remove_path() {
      if [ "$1" = "$STATE/.watch.lock" ]; then
        kill -KILL "${BASHPID:-$$}"
      fi
      return 1
    }
    fm_lock_try_acquire "$2"
  ' _ "$LIB" "$lockdir" > /dev/null 2>&1
ok - stale watcher reclaim publishes durable recovery evidence before clear
ok - live watcher lock with stale heartbeat is actionable
ok - guard banner leads when down with pending wakes (repair-after-drain) and stays silent when live and fresh
ok - concurrent fm_lock_try_acquire yields exactly one winner
ok - dead-pid stale lock is reclaimed by a single acquirer
ok - concurrent stale-lock steal yields exactly one winner
ok - live steal mutex is not reclaimed
ok - live-held lock is not stolen
ok - empty mid-acquire lock keeps a minimum grace
ok - claim replaces the preparing frame PID with the actual holder
ok - claim fails closed when its holder PID cannot be written
ok - claim fails closed after a mismatched holder PID readback
ok - late original claimant cannot claim a recreated lock
ok - paused mid-acquire claimant backs off to active stealer
ok - watch restart preserves recovery without signaling a reused pid
tests/fm-watcher-lock.test.sh: line 555: node: command not found
not ok - TERM-resistant peer did not become ready
