ok   plain path
ok   space
ok   double quote
ok   single quote
ok   backslash
ok   dollar and backtick
ok   template-literal marker
ok   embedded newline
ok   trailing newlines kept
node: bad option: -foo
file:///Users/AI/.no-mistakes/worktrees/edb446952c22/01M3S0VSNPBC79CNB6F8T42W33/[eval1]:1
const v = ;
          ^

SyntaxError: Unexpected token ';'
    at compileSourceTextModule (node:internal/modules/esm/utils:318:16)
    at ModuleLoader.createModuleWrap (node:internal/modules/esm/loader:210:12)
    at ModuleLoader.eval (node:internal/modules/esm/loader:248:23)
    at node:internal/process/execution:77:24
    at asyncRunEntryPointWithESMLoader (node:internal/modules/run_main:101:11)
    at Object.runEntryPointWithESMLoader (node:internal/modules/run_main:123:19)
    at evalModuleEntryPoint (node:internal/process/execution:76:47)
    at node:internal/main/eval_stdin:34:5
    at ReadStream.<anonymous> (node:internal/process/execution:205:5)
    at ReadStream.emit (node:events:509:28)

Node.js v24.18.0
FAIL leading dash got= want=2d666f6f
file:///Users/AI/.no-mistakes/worktrees/edb446952c22/01M3S0VSNPBC79CNB6F8T42W33/[eval1]:1
const v = v24.18.0;
             ^^^

SyntaxError: Unexpected number
    at compileSourceTextModule (node:internal/modules/esm/utils:318:16)
    at ModuleLoader.createModuleWrap (node:internal/modules/esm/loader:210:12)
    at ModuleLoader.eval (node:internal/modules/esm/loader:248:23)
    at node:internal/process/execution:77:24
    at asyncRunEntryPointWithESMLoader (node:internal/modules/run_main:101:11)
    at Object.runEntryPointWithESMLoader (node:internal/modules/run_main:123:19)
    at evalModuleEntryPoint (node:internal/process/execution:76:47)
    at node:internal/main/eval_stdin:34:5
    at ReadStream.<anonymous> (node:internal/process/execution:205:5)
    at ReadStream.emit (node:events:509:28)

Node.js v24.18.0
FAIL leading double dash got= want=2d2d76657273696f6e
node: -e requires an argument
file:///Users/AI/.no-mistakes/worktrees/edb446952c22/01M3S0VSNPBC79CNB6F8T42W33/[eval1]:1
const v = ;
          ^

SyntaxError: Unexpected token ';'
    at compileSourceTextModule (node:internal/modules/esm/utils:318:16)
    at ModuleLoader.createModuleWrap (node:internal/modules/esm/loader:210:12)
    at ModuleLoader.eval (node:internal/modules/esm/loader:248:23)
    at node:internal/process/execution:77:24
    at asyncRunEntryPointWithESMLoader (node:internal/modules/run_main:101:11)
    at Object.runEntryPointWithESMLoader (node:internal/modules/run_main:123:19)
    at evalModuleEntryPoint (node:internal/process/execution:76:47)
    at node:internal/main/eval_stdin:34:5
    at ReadStream.<anonymous> (node:internal/process/execution:205:5)
    at ReadStream.emit (node:events:509:28)

Node.js v24.18.0
FAIL leading -e got= want=2d65
ok   empty
ok   unicode
ok   u2028
