FM_TEST_BEGIN 2026-09-02T14:50:13Z tests/fm-fleet-snapshot-view.test.sh family=snapshot-bearings expected_gate_skip=optional-binary
ok - empty fleet snapshot and view use explicit absence markers
ok - fixture snapshot covers task rows, backlog rows, pointers, and stable ordering
ok - home-summary excludes kind=secondmate from unowned_current and terminal_in_flight
ok - main_inventory discloses orphan/unstructured and clears when inventory is consistent
ok - backlog normalization preserves strict roles and resolves every blocker compatibly
ok - snapshot event hints follow reconciled current state
ok - durable fold keeps an open decision past a later unrelated event
ok - a live secondmate endpoint preserves unrelated open decisions
ok - durable captain-held transfer closes the duplicate live status decision
ok - durable fold clears a decision only on a keyed resolution
ok - a completed scout's stale decision surfaces as a report pointer, not pending
ok - a scout still parked at a decision stays pending (terminal clear does not over-fire)
ok - snapshot includes durable scout reports after teardown
ok - snapshot parses tasks-axi rows and respects operational overrides
ok - fleet view renders the snapshot without secondmate peek guidance
ok - fleet view renders secondmate agent liveness
FM_TEST_END 2026-09-02T14:50:32Z tests/fm-fleet-snapshot-view.test.sh exit=0 duration_ms=19068 gate_skip=false
FM_TEST_SUMMARY total=1 failed=0 skipped_gate=0 duration_ms=19145
FM_TEST_SUMMARY_FAMILY family=snapshot-bearings count=1 duration_ms=19068 failed=0
FM_TEST_SLOWEST rank=1 script=tests/fm-fleet-snapshot-view.test.sh duration_ms=19068
