FM_TEST_BEGIN 2026-09-02T14:50:51Z tests/fm-home-summary-refresh.test.sh family=snapshot-bearings expected_gate_skip=optional-binary
ok - watcher-carried status append publishes the real home summary
ok - live watcher cadence bounds publication staleness without signals
ok - fleet snapshot consumes the published local ledger by default
ok - writer kill and replacement preserve an atomic JSON ledger
ok - best-effort publication logs and continues
Terminated: 15
Terminated: 15
ok - best-effort refresh bounds publication lock acquisition
Terminated: 15
ok - best-effort refresh bounds validation and publication
ok - best-effort refresh bounds state initialization
ok - best-effort refresh logs worker termination
ok - best-effort refresh bounds failure reporting fallback
ok - valid publication ignores an unavailable failure record
ok - publication completes on a home carrying accumulated status history
ok - producer skips remote per-task state probes
ok - a stalled publication does not delay the watcher liveness beacon
ok - publication remains single-flight across watcher restart
ok - bootstrap scopes retained failures to the current publication
Terminated: 15
ok - failure records preserve refresh attempt ordering
ok - repeated publication failure is reported at session start until it clears
FM_TEST_END 2026-09-02T14:51:33Z tests/fm-home-summary-refresh.test.sh exit=0 duration_ms=41939 gate_skip=false
FM_TEST_SUMMARY total=1 failed=0 skipped_gate=0 duration_ms=42017
FM_TEST_SUMMARY_FAMILY family=snapshot-bearings count=1 duration_ms=41939 failed=0
FM_TEST_SLOWEST rank=1 script=tests/fm-home-summary-refresh.test.sh duration_ms=41939
