FM_TEST_BEGIN 2026-09-02T15:17:02Z tests/fm-sessionstart-nudge.test.sh family=session-bootstrap expected_gate_skip=none
ok - fm-sessionstart-nudge: a genuine primary gets one explicitly marked instruction line
ok - fm-sessionstart-nudge: NO_MISTAKES_GATE is silent
ok - fm-sessionstart-nudge: .no-mistakes gate common-dir is silent
ok - fm-sessionstart-nudge: an unmarked linked task worktree is silent
ok - fm-sessionstart-nudge: a marked linked secondmate home is a primary
ok - fm-sessionstart-nudge: a checkout without state is silent
ok - fm-sessionstart-nudge: a lock holder in process ancestry is already run
ok - OpenCode session.created delivers the exact wrapper nudge once per session
ok - run wrapper: startup runs the full digest and never also nudges
ok - run wrapper: clear and compact re-emit the digest without repeating startup sweeps
ok - run wrapper forwards only stale-cache rebuild sources to immutable-baseline instruction refresh
ok - run wrapper refreshes a compact even when startup completion is unproven
ok - run wrapper: clear falls back to full startup when completion is unproven
ok - run wrapper: clear accepts completion only from the current harness
ok - run wrapper: resume delegates to the nudge instead of re-running the digest
ok - run wrapper: a native clear payload reclaims its own session lock and re-emits
ok - run wrapper: a native resume payload repairs the sidecar and the nudge stays silent
ok - run wrapper: only a validated native replacement in its own client process may replace the sidecar
ok - run wrapper: loose source routing still works without python3
ok - run wrapper: a nested clear or resume cannot reclaim the primary session lock
ok - run wrapper: the hook payload's source field drives routing with no explicit argument
ok - run wrapper: an unrecognized or absent source takes the helm rather than skipping it
ok - run wrapper: ordinary ineligible opens stay silent-zero and Pi preflight gets an explicit silent stand-down
ok - run wrapper: a session start that cannot take the lock still opens the session and says so
cp: /Users/AI/.no-mistakes/worktrees/edb446952c22/01M1GX1VZRZDRNJMPHD5CRYRWD/.pi/extensions/lib/fm-sessionstart-supervisor.mjs: No such file or directory
not ok - Pi continuation classification: expected exit 0, got 1
FM_TEST_END 2026-09-02T15:18:14Z tests/fm-sessionstart-nudge.test.sh exit=1 duration_ms=72194 gate_skip=false
FM_TEST_SUMMARY total=1 failed=1 skipped_gate=0 duration_ms=72268
FM_TEST_SUMMARY_FAMILY family=session-bootstrap count=1 duration_ms=72194 failed=1
FM_TEST_SLOWEST rank=1 script=tests/fm-sessionstart-nudge.test.sh duration_ms=72194
