FM_TEST_BEGIN 2026-09-02T15:13:00Z tests/fm-session-start.test.sh family=session-bootstrap expected_gate_skip=none
ok - context digest distinguishes ABSENT, empty-but-present, and populated files
ok - a lock refusal prints a loud read-only banner, skips every mutating step, and still completes the digest
ok - session start stays read-only when lock ownership cannot be published
ok - locked session start freezes trace context and lock refusal leaves it unchanged
ok - concurrent session-lock acquisition admits exactly one live harness
ok - digest sections are ordered safety-preamble first, live fleet state before curated memory
ok - the read-once contract is stated once, ahead of the sources it governs
ok - session start: configured and auto-detected Herdr homes never require tmux
ok - session start: an absent recorded tmux window relaunches its Pi secondmate exactly once, off the blocking path
ok - session start: a deferred relaunch is always reported, so the digest's stale endpoint record cannot stand
ok - session start: inactive reconciliation runs after the digest and retains its durable wake
ok - session start: an unreachable host delays a reported check, not the digest
ok - session start: a deferred result the digest outran still reaches the agent as a wake
ok - session start: a read-only session declares its skipped network checks rather than dropping them
ok - session start: the tasks-axi compatibility verdict is computed once and reused
ok - session start: an existing ambiguous Pi process prevents duplicate recovery
ok - session start: transient tmux unreadability never licenses a relaunch
ok - session start: the proven bare-shell recovery path remains intact
ok - session start: a confirmed Herdr husk is closed and relaunched
ok - status tail is bounded to the configured line count, with the full log path always printed
ok - status tail lines are capped with a truncation marker while the full log stays reachable
ok - orphan status logs are printed once with bounded tails
ok - tmux endpoint liveness is reported per task: alive for a live window, dead for a gone one
ok - herdr endpoint liveness is reported per task: alive for a live pane, dead for a gone one
ok - fm-session-start.sh composes the real fm-lock.sh, fm-bootstrap.sh, and fm-wake-drain.sh output verbatim
not ok - locked start crossed the captain delivery barrier (unexpected: 'https://example.com/pr/b')
--- output ---

================================================================================
SESSION START - /private/var/folders/p3/95t2_00n2jl3r2cn79bfn18h0000gp/T/fm-session-start-tests.j155D9/branch-recovery/home
================================================================================

LOCK
--------------------------------------------------------------------------------
lock acquired: harness pid 24680

BOOTSTRAP
--------------------------------------------------------------------------------
MISSING: tasks-axi (install: npm install -g tasks-axi)
MISSING: quota-axi (install: npm install -g quota-axi)

WAKE QUEUE
--------------------------------------------------------------------------------
BRANCH OUTCOMES (handled by the supervision branch, not yet seen by this session):
{"seq":1,"epoch":1788362135,"task":"task-a","wake":"","verdict":"routine","summary":"worker recovered automatically","silent":false}
{"seq":2,"epoch":1788362135,"task":"task-b","wake":"","verdict":"captain","summary":"PR https://example.com/pr/b checks green","silent":false}
(no queued wakes)
PI_WATCH_EXTENSION: not loaded - approve Pi project trust once per clone, then restart plain pi so /private/var/folders/p3/95t2_00n2jl3r2cn79bfn18h0000gp/T/fm-session-start-tests.j155D9/branch-recovery/root/.pi/extensions/fm-primary-turnend-guard.ts and /private/var/folders/p3/95t2_00n2jl3r2cn79bfn18h0000gp/T/fm-session-start-tests.j155D9/branch-recovery/root/.pi/extensions/fm-primary-pi-watch.ts auto-load for turn-end guard and background wake coverage; use -e /private/var/folders/p3/95t2_00n2jl3r2cn79bfn18h0000gp/T/fm-session-start-tests.j155D9/branch-recovery/root/.pi/extensions/fm-primary-turnend-guard.ts -e /private/var/folders/p3/95t2_00n2jl3r2cn79bfn18h0000gp/T/fm-session-start-tests.j155D9/branch-recovery/root/.pi/extensions/fm-primary-pi-watch.ts only if project hooks are not trusted
================================================================================
SUPERVISION OPERATING INSTRUCTIONS - primary harness: pi
================================================================================
Current state:
- Lock: held by this session; this session owns normal supervision unless away mode says otherwise.
- Away mode: inactive.
- X mode: inactive; use the default watcher cadence.
- Ordinary wake: the Pi extension already owns watcher continuity; do not arm another cycle.

Mode: Pi extension background wake.

When this session owns supervision and away mode is not active:
1. Drain first with `bin/fm-wake-drain.sh`.
   After handling all emitted wakes and reconciling open decisions and unread status lines, run the exact `--ack-through` command printed as `WAKE_ACK_REQUIRED`; until then the work remains durable for idempotent re-handling after interruption.
2. Confirm the Pi primary auto-loaded both project extensions (plain `pi` or `pi-signed`, after approving project trust once per clone); if not, restart the selected executable with `-e /private/var/folders/p3/95t2_00n2jl3r2cn79bfn18h0000gp/T/fm-session-start-tests.j155D9/branch-recovery/root/.pi/extensions/fm-primary-turnend-guard.ts -e /private/var/folders/p3/95t2_00n2jl3r2cn79bfn18h0000gp/T/fm-session-start-tests.j155D9/branch-recovery/root/.pi/extensions/fm-primary-pi-watch.ts` as a trust-free fallback.
3. Initial process cycle only: make the one required `fm_watch_arm_pi` call; if startup already owned the fleet lock, this is an ownership-based no-op.
   Use `/fm-watch-arm-pi` only as a human-entered fallback.
   Never run `bin/fm-watch-arm.sh` through Pi's bash tool because that foreground arm can wedge the agent and bypasses extension-owned cleanup.
4. If the extension says no live session holds the lock, run `bin/fm-session-start.sh` to reclaim the session lock, then call `fm_watch_arm_pi` again.
5. The extension starts `bin/fm-watch-arm.sh --restart`, keeps the child attached to the live Pi process, and owns every later successor launch.
6. Ordinary same-process session replacement (`/new`, `/resume`, `/fork`, reload) retires only the prior generation; when the replacement owns the fleet lock, its `session_start` arms the new generation without a model turn or another `fm_watch_arm_pi` call.
   The generation-owner contract and in-flight actionable-close handoff live in `.pi/extensions/fm-primary-pi-watch.ts`.
7. After an actionable child close, the extension rechecks session-lock ownership and verifies one successor before it delivers the follow-up wake; its bounded fallback is defined in `docs/watcher-continuity.md`.
8. Ordinary work, turn completion, and ordinary signal, stale, check, heartbeat, or other wake handling: do not call `fm_watch_arm_pi` again because continuity is extension-owned rather than model-memory-owned.
9. An unexpected child close enters bounded exponential retry, and an exhausted retry or lost session lock is surfaced as a watcher failure instead of disappearing.
10. Missing, failed, or unhealthy cycle only: if a later notification explicitly reports one of those repair conditions, drain queued wakes, inspect the failure text, call `fm_watch_arm_pi`, and restart the selected Pi-family executable with both extensions loaded if needed.
   A redundant call while the extension owns an arm child or scheduled retry is an ownership-based `watcher: unchanged` no-op, not an independent health claim.
11. Never use shell `&` for watcher supervision.
   The arm mechanism above is extension-owned, not a model tool call, but a manual recovery probe that backgrounds, pipes, or bundles the arm is denied automatically by the PreToolUse seatbelt (`bin/fm-arm-pretool-check.sh`, wired into the turn-end guard extension at `/private/var/folders/p3/95t2_00n2jl3r2cn79bfn18h0000gp/T/fm-session-start-tests.j155D9/branch-recovery/root/.pi/extensions/fm-primary-turnend-guard.ts`).

The supervision branch is default-on (docs/pi-supervision-branch.md): whenever this session owns the fleet lock and away mode is not active, the watcher extension hands eligible task-local rows from ordinary actionable wakes, plus selected fleet-wide heartbeat reviews, to the persistent in-process supervision branch while main-only rows remain queued for this conversation.
A no-change heartbeat outcome explicitly reported with `task=fleet` and `silent=true` is delivered silently with no rendered note, while every other routine outcome returns as an appended, rendered note that leads with ⛵ then the dim outcome text.
A captain-facing outcome instead appears as one exact, sequence-keyed visible transcript entry, and then arrives in this conversation as one hidden supervision processing request listing each `[seq N] task: summary` it covers.
That request is the one turn in which MAIN processes the outcome: give the captain a visible response where one is due, answer or escalate a decision, act on a blocker or failure, or record that no further action is needed, then call the `fm_branch_processed` tool with the highest sequence the request listed, exactly once.
Only that call closes the outcome; an unrelated, empty, or paraphrased answer leaves it open, and the current unprocessed sequence set is presented again at the next run boundary and at session start until it is acknowledged.
The persisted entry is already the captain-visible record, so MAIN must not re-emit it verbatim merely because it appeared.
Before MAIN steers, controls lifecycle, or cleans up a task, claim its lease with `bin/fm-lease.sh claim <task>` and release it afterwards; a refused claim means the branch is acting on that task right now.
This conversation still receives every other fleet-wide or unresolvable wake, the branch's wakes when it is unavailable or away mode is active, and every watcher-failure alarm regardless, so the arm and repair contract above is unchanged.
Treat the merged fleet event as already handled for fleet operations: MAIN must not re-drain, re-run, or acknowledge it.
Separately, MAIN applies judgment about whether and how to surface, summarize, reference, or incorporate a merged sailboat outcome in the captain conversation; event ownership does not decide the conversational treatment.
Read the durable outcome store with the fm_branch_outcomes tool when the captain asks what happened.

The turn-end guard extension lives at `/private/var/folders/p3/95t2_00n2jl3r2cn79bfn18h0000gp/T/fm-session-start-tests.j155D9/branch-recovery/root/.pi/extensions/fm-primary-turnend-guard.ts`.
The watcher extension lives at `/private/var/folders/p3/95t2_00n2jl3r2cn79bfn18h0000gp/T/fm-session-start-tests.j155D9/branch-recovery/root/.pi/extensions/fm-primary-pi-watch.ts`.
Both are tracked, project-local `.pi/extensions/*.ts` files that Pi auto-discovers once the project is trusted; `bin/fm-session-start.sh` reports when the running Pi session has not loaded both required extensions.


================================================================================
READ-ONCE CONTRACT
================================================================================
Everything below provides a required PRIOR SESSION retrieve, every state/*.meta, a
compact data/backlog.md listing, a bounded tail of every state/*.status,
data/projects.md, data/secondmates.md, data/captain.md, data/captain-shared.md,
and data/learnings.md.
Do NOT re-read any of them after reading this digest, and do NOT bulk-read
data/backlog.md or state/*.status: re-reading everything defeats the entire
point of this command.

Go to a source directly only when:
  - this digest flagged it ABSENT (then rebuild or create it per AGENTS.md),
  - its contents looked unparseable or corrupt,
  - an individual full status log is needed for older wake-event history, or a
    status line was capped and its tail matters (each task's full log path is
    printed with its tail),
  - a full task body is needed (tasks-axi show <id> --full, or data/backlog.md),
  - the backlog listing disclosed omitted queued items and this turn needs them,
  - the PRIOR SESSION fold reported missing, unreadable, parse-failed, or
    truncated input and this turn needs one of its three targeted categories,
  - the NETWORK CHECKS section reported its checks still IN PROGRESS and this
    turn needs their verdict (bin/fm-startup-network.sh report),
  - or a STARTUP TRUNCATED banner named the stage that would have printed it, in
    which case that stage's sources were never emitted and must be reconciled.

================================================================================
PRIOR SESSION
================================================================================
scope: targeted prior-talk fold only; not 100% of chat; no GBrain, Graphify, or Obsidian ingestion.
INCOMPLETE: prior session parser produced no result.

================================================================================
FLEET STATE
================================================================================

data/backlog.md
--------------------------------------------------------------------------------
ABSENT

Work under way (state/*.meta)
--------------------------------------------------------------------------------
(none)

Orphan status logs (state/*.status without matching .meta)
--------------------------------------------------------------------------------
(none)

AFK
--------------------------------------------------------------------------------
absent

================================================================================
NETWORK CHECKS
================================================================================
completed off the startup path in 1s: GitHub authentication, dead-secondmate relaunch, secondmate convergence, pending handoff delivery, project clone refresh with its drift reporting, and inactive terminal-outcome reconciliation.
(silent - no problems found)

================================================================================
CONTEXT
================================================================================

data/projects.md
--------------------------------------------------------------------------------
ABSENT

data/secondmates.md
--------------------------------------------------------------------------------
ABSENT

data/captain.md
--------------------------------------------------------------------------------
ABSENT

data/captain-shared.md (shared, main-authoritative, read-only in secondmate homes)
--------------------------------------------------------------------------------
ABSENT

data/learnings.md
--------------------------------------------------------------------------------
ABSENT

================================================================================
NEXT STEP
================================================================================
Follow the supervision operating instructions block above for harness 'pi'.
This script never starts supervision itself.

The digest above is complete for this session start. The READ-ONCE CONTRACT
section near the top of it governs what may still be read from disk.
FM_TEST_END 2026-09-02T15:15:39Z tests/fm-session-start.test.sh exit=1 duration_ms=159155 gate_skip=false
FM_TEST_SUMMARY total=1 failed=1 skipped_gate=0 duration_ms=159246
FM_TEST_SUMMARY_FAMILY family=session-bootstrap count=1 duration_ms=159155 failed=1
FM_TEST_SLOWEST rank=1 script=tests/fm-session-start.test.sh duration_ms=159155
