FM_TEST_BEGIN 2026-09-02T14:08:25Z tests/fm-bearings-board-render.test.sh family=snapshot-bearings expected_gate_skip=optional-binary
ok - a warning row badges needs repair while queued work keeps waiting
ok - the charted next count counts queued work only, and still renders warnings
ok - a warning-only board reports nothing queued and still shows the warning
ok - omitted warnings remain separate from omitted queued work
ok - an omitted kind renders exactly as queued work always did
FM_TEST_END 2026-09-02T14:08:29Z tests/fm-bearings-board-render.test.sh exit=0 duration_ms=3303 gate_skip=false
FM_TEST_BEGIN 2026-09-02T14:08:29Z tests/fm-bearings-board.test.sh family=pure-contract-unit expected_gate_skip=none
ok - path prints the stable home-scoped board location
ok - build refuses malformed payloads before touching the board
ok - charted kind is optional and accepts queued and warning
ok - build injects the payload, binds any-origin, then arms the source
not-autohandled: lavish-5082dca8679ae7b3 (left for the handler; still unacknowledged)
ok - registration can consume answers only after any-origin binding exists
ok - build establishes the Lavish session before binding and arming
ok - rebuild refreshes the board in place without double-arming
ok - build refuses a template without exactly one data slot
FM_TEST_END 2026-09-02T14:08:38Z tests/fm-bearings-board.test.sh exit=0 duration_ms=8985 gate_skip=false
FM_TEST_BEGIN 2026-09-02T14:08:38Z tests/fm-bearings-snapshot.test.sh family=snapshot-bearings expected_gate_skip=optional-binary
ok - remote ledgers collect concurrently under one budget, reuse aged cache, and cancel wedged collectors
ok - a missing remote ledger stays explicitly unreadable without remote summary computation
ok - Domain Alpha structured state overrides a stale parent Phase 7 event
ok - GNU stat file reads select -c without BSD filesystem-report pollution
ok - parent activity evidence is bounded and disclosed
ok - Bearings excludes a status-only child decision
ok - a structured child captain hold reaches Captain's Call
ok - missing, invalid, unreadable, malformed, and unavailable-child homes stay explicit unknowns
ok - a missing registered home warns by name instead of silently counting zero
ok - a present empty secondmate home stays valid idle with no false alarm
ok - oversized ledgers stay strict unknown
ok - secondmate and per-home child counts are bounded, disclosed, and explicitly expandable
ok - parent decisions remain untrusted contradiction evidence
ok - parent evidence reconciliation distinguishes matching holds, blocks, and decisions
ok - nonprogressing child states are explicit and inconsistent terminal rows invalidate
ok - registry unavailability and bounded truncation remain explicit
ok - repeated snapshots keep the same current landed baseline and ignore prior reports
ok - default output is bounded, local-only, and marks omitted surfaces
ok - TOON and JSON are parity representations of the same model
ok - landed includes secondmate-managed merges alongside main-home merges
ok - default landed selection balances one dominant home with sparse homes
ok - landed selection refills capacity after sparse homes exhaust
ok - landed selection uses deterministic home order when homes exceed the cap
ok - landed selection preserves deterministic home and internal tie ordering
ok - landed selection handles no landed items
ok - --all-landed keeps the complete global landed output
ok - landed stays bounded with per-home + overall caps and omitted[] disclosure
ok - Bearings keeps a live blocker in structured live state and never converts it to Charted Next queue work
ok - action-free items (working/done/queued/landed) do not leak into Captain's Call
ok - main orphan in-flight stays out of Underway and is disclosed in omitted/gates
ok - main unstructured current is disclosed while structured siblings still project
ok - counterfactual meta clears main inventory warning and projects the live task
ok - active children reach Underway independently of a home captain hold
ok - mixed secondmate roles, partial state, and captain readiness project independently
ok - main and secondmate captain actionability use the same blocker readiness
ok - a completed scout with decision-like report prose is a pointer, not pending
ok - an authoritative captain hold surfaces end-to-end
ok - bearings snapshot required retrieve keeps lock words and drops asides
ok - lock-file open Q2 surfaces in decisions_open; locked Q2 does not
ok - current report pointers surface
ok - superseded queued items are dropped by default and restored with --all-queued
ok - --include-prs is the only path that fetches, and it enriches correctly
ok - a partial GitHub failure degrades gracefully
ok - Perl fallback bounds stalled GitHub calls without coreutils timeout
ok - all fleet-sized sections are capped with counted opt-in expansion
ok - captain-held tasks of any kind reach Captain's Call, deferral is honored, and landed excludes answered calls
ok - live PR enrichment caps repositories with counted expansion
ok - per-repository open-PR caps are disclosed with an expansion knob
ok - projection and TOON rendering failures exit nonzero with diagnostics
FM_TEST_END 2026-09-02T14:11:55Z tests/fm-bearings-snapshot.test.sh exit=0 duration_ms=197502 gate_skip=false
FM_TEST_BEGIN 2026-09-02T14:11:55Z tests/fm-fleet-snapshot-view.test.sh family=snapshot-bearings expected_gate_skip=optional-binary
ok - empty fleet snapshot and view use explicit absence markers
ok - fixture snapshot covers task rows, backlog rows, pointers, and stable ordering
ok - home-summary excludes kind=secondmate from unowned_current and terminal_in_flight
ok - main_inventory discloses orphan/unstructured and clears when inventory is consistent
ok - backlog normalization preserves strict roles and resolves every blocker compatibly
ok - snapshot event hints follow reconciled current state
ok - durable fold keeps an open decision past a later unrelated event
ok - a live secondmate endpoint preserves unrelated open decisions
ok - durable captain-held transfer closes the duplicate live status decision
ok - durable fold clears a decision only on a keyed resolution
ok - a completed scout's stale decision surfaces as a report pointer, not pending
ok - a scout still parked at a decision stays pending (terminal clear does not over-fire)
ok - snapshot includes durable scout reports after teardown
ok - snapshot parses tasks-axi rows and respects operational overrides
ok - fleet view renders the snapshot without secondmate peek guidance
ok - fleet view renders secondmate agent liveness
FM_TEST_END 2026-09-02T14:12:14Z tests/fm-fleet-snapshot-view.test.sh exit=0 duration_ms=18930 gate_skip=false
FM_TEST_BEGIN 2026-09-02T14:12:14Z tests/fm-home-summary-refresh.test.sh family=snapshot-bearings expected_gate_skip=optional-binary
ok - watcher-carried status append publishes the real home summary
ok - live watcher cadence bounds publication staleness without signals
ok - fleet snapshot consumes the published local ledger by default
ok - writer kill and replacement preserve an atomic JSON ledger
ok - best-effort publication logs and continues
Terminated: 15
Terminated: 15
ok - best-effort refresh bounds publication lock acquisition
Terminated: 15
ok - best-effort refresh bounds validation and publication
ok - best-effort refresh bounds state initialization
ok - best-effort refresh logs worker termination
ok - best-effort refresh bounds failure reporting fallback
ok - valid publication ignores an unavailable failure record
ok - publication completes on a home carrying accumulated status history
ok - producer skips remote per-task state probes
ok - a stalled publication does not delay the watcher liveness beacon
ok - publication remains single-flight across watcher restart
ok - bootstrap scopes retained failures to the current publication
Terminated: 15
ok - failure records preserve refresh attempt ordering
ok - repeated publication failure is reported at session start until it clears
FM_TEST_END 2026-09-02T14:12:56Z tests/fm-home-summary-refresh.test.sh exit=0 duration_ms=41396 gate_skip=false
FM_TEST_SUMMARY total=5 failed=0 skipped_gate=0 duration_ms=270385
FM_TEST_SUMMARY_FAMILY family=pure-contract-unit count=1 duration_ms=8985 failed=0
FM_TEST_SUMMARY_FAMILY family=snapshot-bearings count=4 duration_ms=261131 failed=0
FM_TEST_SLOWEST rank=1 script=tests/fm-bearings-snapshot.test.sh duration_ms=197502
FM_TEST_SLOWEST rank=2 script=tests/fm-home-summary-refresh.test.sh duration_ms=41396
FM_TEST_SLOWEST rank=3 script=tests/fm-fleet-snapshot-view.test.sh duration_ms=18930
FM_TEST_SLOWEST rank=4 script=tests/fm-bearings-board.test.sh duration_ms=8985
FM_TEST_SLOWEST rank=5 script=tests/fm-bearings-board-render.test.sh duration_ms=3303
