FM_TEST_BEGIN 2026-09-03T17:06:15Z tests/fm-procevent.test.sh family=unclassified expected_gate_skip=none
ok - no configured source means no generated state and no process
ok - one blocking completion yields exactly one bounded normalized event
ok - a home reached through a symlinked ancestor runs its sources normally
not-autohandled: direct-src (left for the handler; still unacknowledged)
ok - public start owns the process group recorded by its claim
/Users/AI/.no-mistakes/worktrees/edb446952c22/01M1KY1Z1AZKH2Y7EPK121AFSF/bin/fm-procevent.sh: line 682: 82829 Terminated: 15          "${ARGV[@]}" 2> /dev/null
     82830                       | perl -e '
      use strict;
      use warnings;
      my $limit = shift;
      my ($written, $truncated) = (0, 0);
      while (1) {
        my $count = sysread(STDIN, my $buffer, 65536);
        exit 2 unless defined $count;
        last if $count == 0;
        my $take = $written < $limit ? $limit - $written : 0;
        $take = $count if $take > $count;
        if ($take > 0) {
          my $offset = 0;
          while ($offset < $take) {
            my $count_written = syswrite(STDOUT, $buffer, $take - $offset, $offset);
            exit 2 unless defined $count_written;
            $offset += $count_written;
          }
          $written += $take;
        }
        $truncated = 1 if $take < $count;
      }
      exit($truncated ? 3 : 0);
    ' "$MAX_OUTPUT_BYTES" > "$out"
ok - public start never claims an inherited caller process group
ok - an unhandled result survives restart and repeat drains, and only explicit acknowledgement stops its re-announcement
ok - publication cannot race a handled acknowledgement
ok - handled acknowledgement creation is private and fails safely
ok - automatic application waits for durable publication and failed publication remains recoverable
ok - a self-announcing adapter applies quietly and still publishes what it could not apply
not-autohandled: ends-src (left for the handler; still unacknowledged)
not ok - the runner reports the adapter-driven retirement (missing: 'retired: ends-src')
--- output ---
captured: /private/var/folders/p3/95t2_00n2jl3r2cn79bfn18h0000gp/T/fm-procevent-tests.KOfjD2/hterm/state/procevent-inbox/ends-src.1.result
FM_TEST_END 2026-09-03T17:06:32Z tests/fm-procevent.test.sh exit=1 duration_ms=16326 gate_skip=false
FM_TEST_SUMMARY total=1 failed=1 skipped_gate=0 duration_ms=16414
FM_TEST_SUMMARY_FAMILY family=unclassified count=1 duration_ms=16326 failed=1
FM_TEST_SLOWEST rank=1 script=tests/fm-procevent.test.sh duration_ms=16326
