ok - an abandoned same-process lock hold is reclaimed; a parent's live hold is not
ok - bounded acquire hands ownership to the waiting caller after contention
ok - presentation lock waits are bounded and retriable without weakening acknowledgement atomicity
ok - malformed presentation locks report acquire failure instead of contention
ok - foreign secondmate queue stalls notify once, remain byte-stable, and stay quiet when empty or healthy
ok - secondmate stall markers reject symlinks without touching their targets
ok - stall publication acknowledgement closes the pre-marker crash window
ok - empty prefix mate cleanup preserves another mate's stall receipt
ok - self-announced appends suppress only their own bytes and fail toward waking
ok - historical annotations replay nothing already announced and keep everything new
WAKE_ACK_REQUIRED: after handling completes run bin/fm-wake-drain.sh --ack-through 29 --recovery-generation 98027.1788455863.dUn5Jd
ok - concurrent append plus drain preserves durable records through acknowledgement
ok - signal written while no watcher runs is caught on next run
WAKE_ACK_REQUIRED: after handling completes run bin/fm-wake-drain.sh --ack-through 1 --recovery-generation 42652.1788455880.A9W47l
WARNING: queued wakes pending - drain them with bin/fm-wake-drain.sh before anything else.
ok - stale wake is queued before suppressor state is advanced
WAKE_ACK_REQUIRED: after handling completes run bin/fm-wake-drain.sh --ack-through 1 --recovery-generation 50133.1788455883.7ZTtNB
WARNING: queued wakes pending - drain them with bin/fm-wake-drain.sh before anything else.
ok - a not-provably-working stale wake is queued before its suppressor is advanced
WAKE_ACK_REQUIRED: after handling completes run bin/fm-wake-drain.sh --ack-through 1 --recovery-generation 54014.1788455885.Qf6hzW
ok - registered custom check output is queued before cadence suppression
ok - concurrent drains replay until one post-handling acknowledgement consumes records
WAKE_ACK_REQUIRED: after handling completes run bin/fm-wake-drain.sh --ack-through 4 --recovery-generation 58552.1788455888.XilK9Z
ok - drain collapses obvious duplicate heartbeat and signal records
ok - drain asserts watcher liveness: warns on a lapse, stays silent for a live watcher with a fresh beacon
WAKE_ACK_REQUIRED: after handling completes run bin/fm-wake-drain.sh --ack-through 8 --recovery-generation 61174.1788455890.tlROZT
ok - structural signal enrichment is separate, deduped, home-local, and tier-zero for other wakes
WAKE_ACK_REQUIRED: after handling completes run bin/fm-wake-drain.sh --ack-through 13 --recovery-generation 64654.1788455892.zJuvZU
ok - every readable unread status line is annotated in full while invalid status files preserve their raw wakes
WAKE_ACK_REQUIRED: after handling completes run bin/fm-wake-drain.sh --ack-through 1 --recovery-generation 70121.1788455895.rrCDiH
WAKE_ACK_REQUIRED: after handling completes run bin/fm-wake-drain.sh --ack-through 2 --recovery-generation 70121.1788455895.rrCDiH
ok - slow annotation releases the append lock and a deleted status file fails open
ok - a branch-actor scoped ack never swallows an unacked main-owned row, and main's later drain sees exactly what remains
ok - main drain and acknowledgement exclude an active branch grant
ok - branch grant cannot take a row already claimed by main
ok - actor ownership filtering precedes same-key deduplication
ok - main reclaims rows granted to an exited branch owner
ok - a branch-actor drain with no eligible-row snapshot refuses loudly instead of draining nothing
WAKE_ACK_REQUIRED: after handling completes run bin/fm-wake-drain.sh --ack-through 1 --recovery-generation existing
ok - wake append publishes atomic recovery evidence before durable rows
ok - wake drain: generation-less legacy wakes are adopted and acknowledged
ok - wake drain: a stale acknowledgement cannot retire or consume a newer recovery episode
ok - wake drain: recovery acknowledgement failures are explicit and retryable
ok - interruptions preserve durable rows until post-handling acknowledgement
wake-queue exit=0
