tests/fm-backend-autodetect-smoke.test.sh red_exit=1 green="FM_TEST_SUMMARY total=1 failed=0"
tests/fm-backend-herdr-launcher-workspace-e2e.test.sh red_exit=1 green="FM_TEST_SUMMARY total=1 failed=0"
tests/fm-backend-herdr-presentation-e2e.test.sh red_exit=1 green="FM_TEST_SUMMARY total=1 failed=0"
tests/fm-backend-herdr-workspace-per-home-e2e.test.sh red_exit=1 green="FM_TEST_SUMMARY total=1 failed=0"
tests/fm-backend-orca.test.sh red_exit=1 green="FM_TEST_SUMMARY total=1 failed=0"
tests/fm-backend-zellij.test.sh red_exit=1 green="FM_TEST_SUMMARY total=1 failed=0"
tests/fm-backend.test.sh red_exit=1 green="FM_TEST_SUMMARY total=1 failed=0"
tests/fm-backlog-handoff.test.sh red_exit=1 green="FM_TEST_SUMMARY total=1 failed=0"
tests/fm-captain-hold-lifecycle.test.sh red_exit=1 green="FM_TEST_SUMMARY total=1 failed=0"
tests/fm-gate-refuse.test.sh red_exit=1 green="FM_TEST_SUMMARY total=1 failed=0"
tests/fm-gotmp.test.sh red_exit=1 green="FM_TEST_SUMMARY total=1 failed=0"
tests/fm-grok-harness.test.sh red_exit=1 green="FM_TEST_SUMMARY total=1 failed=0"
tests/fm-kimi-harness.test.sh red_exit=1 green="FM_TEST_SUMMARY total=1 failed=0"
tests/fm-muse-harness.test.sh red_exit=1 green="FM_TEST_SUMMARY total=1 failed=0"
tests/fm-pr-check-breakage.test.sh red_exit=1 green="FM_TEST_SUMMARY total=1 failed=0"
tests/fm-pr-check-security.test.sh red_exit=1 green="FM_TEST_SUMMARY total=1 failed=0"
tests/fm-public-followup.test.sh red_exit=1 green="FM_TEST_SUMMARY total=1 failed=0"
tests/fm-remote-secondmate-lifecycle-e2e.test.sh red_exit=1 green="FM_TEST_SUMMARY total=1 failed=0"
tests/fm-remote-secondmate-parent-binding.test.sh red_exit=1 green="FM_TEST_SUMMARY total=1 failed=0"
tests/fm-secondmate-lifecycle-e2e.test.sh red_exit=1 green="FM_TEST_SUMMARY total=1 failed=0"
tests/fm-secondmate-safety.test.sh red_exit=1 green="FM_TEST_SUMMARY total=1 failed=0"
tests/fm-teardown-endpoint-safety.test.sh red_exit=1 green="FM_TEST_SUMMARY total=1 failed=0"
tests/fm-teardown.test.sh red_exit=1 green="FM_TEST_SUMMARY total=1 failed=0"
tests/fm-validation-truth.test.sh red_exit=1 green="FM_TEST_SUMMARY total=1 failed=0"
tests/lib.sh consumer=tests/fm-teardown.test.sh red_exit=1 green="FM_TEST_SUMMARY failed=0"
