ok - fm-pr-merge records pr= and pr_head= before invoking gh pr merge with head pin
ok - fm-pr-merge propagates a real merge failure without silently succeeding
ok - fm-pr-merge forwards extra flags to gh pr merge after the -- separator
ok - fm-pr-merge refuses before merging when task meta is missing
ok - fm-pr-merge refuses malformed PR URLs before calling the forge merge command
ok - fm-pr-merge refuses a well-formed GitLab merge request URL: GitHub-only by captain decision
ok - fm-pr-merge refuses unsafe PR URL segments before recording state
ok - fm-pr-merge refuses repo override args before recording state
ok - fm-pr-merge refuses a bundled short-option repo override and forwards other short flags
ok - fm-pr-merge does not add default --squash when the caller passes an explicit merge method
ok - fm-pr-merge translates --method=<value> to the gh shorthand without default --squash
ok - fm-pr-merge parses a GitHub PR URL into gh number and --repo arguments
ok - fm-pr-merge leaves GitHub extra-arg handling unchanged, including --sha
ok - fm-pr-merge refuses a red forge rollup before invoking gh pr merge
ok - upstream-sync branches use exactly one --merge and record merge_method=merge
ok - upstream-sync squash and rebase forms refuse before recording or merging
ok - an upstream-reachable second parent classifies an ordinary-named branch as a sync
ok - ordinary PRs keep squash default and honor an explicit merge method
ok - missing and non-repository worktrees degrade safely to forge branch classification
ok - sync prefix includes fm/merge-upstreamish and excludes fm/upstream-merge
