# breakage: bin/fm-brief.sh:526
diff --git a/bin/fm-brief.sh b/bin/fm-brief.sh
index 51aede86..faf8cb1b 100755
--- a/bin/fm-brief.sh
+++ b/bin/fm-brief.sh
@@ -523,7 +523,7 @@ receipt = {
     "task_id": task_id,
     "input_fingerprint": payload.get("input_fingerprint", ""),
     "ranker": payload.get("ranker", "term-overlap-3-1"),
-    "retrieval_mode": payload.get("retrieval_mode", "overlap"),
+    "retrieval_mode_x": payload.get("retrieval_mode", "overlap"),
     "emitted_paths": [
         (hit.get("path") or "")[:RECEIPT_ENTRY_CHARS]
         for hit in payload.get("hits") or []
FM_TEST_BEGIN 2026-09-19T18:22:20Z tests/fm-brief.test.sh family=pure-contract-unit expected_gate_skip=none
ok - legacy generated briefs preserve task input, named sources, and recall placement
ok - foreign brief citations preserve local recall eligibility
ok - successful scaffold and refresh show one bounded recall warning
ok - one scaffold boundary preserves task, source, validation, verifier, and refresh behavior
ok - absolute citations under an overridden Record root are excluded and recorded
ok - fm-brief.sh: bash -n succeeds
ok - fm-brief.sh: --help renders the complete header
ok - fm-brief.sh: no-mistakes/direct-PR/local-only briefs generate cleanly
ok - fm-brief.sh: ship --mode is required and closed-set validated
ok - fm-brief.sh: product/mixed/uncertain/omitted + direct-PR refuse; internal-only and no-mistakes product still work
ok - fm-brief.sh: the explicit ship mode wins over the registered posture
ok - fm-brief.sh: delivery flags are refused outside ship scaffolds
ok - fm-brief.sh: faster paths use configured authority without stacked review
ok - fm-brief.sh: no-mistakes DOD keeps its apostrophe prose, now parse-safe
ok - fm-brief.sh: --verifier writes a verifier-leading sibling and leaves brief.md alone
ok - fm-brief.sh: scout sources become a durable informational manifest
ok - fm-brief.sh: worker check refuses fake slashes but permits names
ok - fm-brief.sh: ship project-memory wording carries the AGENTS.md authoring bar
ok - fm-brief.sh: --herdr-lab emits the complete hard safety contract
ok - fm-brief.sh: --herdr-lab uses its quoted Firstmate-owned helper path
ok - fm-brief.sh: ship and scout scaffolds make omitted Herdr intent fail-visible
ok - fm-brief.sh: the documented {TASK} fill cannot corrupt the Herdr safety gate
ok - fm-brief.sh: Herdr lab contract covers scouts and rejects secondmate misuse
ok - fm-brief.sh: --no-projects scaffolds a project-less charter and guards misuse
ok - fm-brief.sh: marked requests avoid generic acknowledgements and preserve material reporting
ok - fm-brief.sh: relative directory inputs ignore CDPATH, render stable absolute charter paths, or fail loudly
ok - fm-brief.sh: custom pause verb renders in every scaffold
ok - fm-brief.sh: investigation and visual-review completions load the shared decision policy
ok - fm-brief: scout and secondmate code paths still scaffold well-formed briefs
ok - fm-brief.sh: task-file, named sources, refresh, and verifier/secondmate recall contracts hold
Traceback (most recent call last):
  File "<stdin>", line 8, in <module>
KeyError: 'retrieval_mode'
not ok - brief receipt assertion failed
FM_TEST_END 2026-09-19T18:22:31Z tests/fm-brief.test.sh exit=1 duration_ms=10703 gate_skip=false
FM_TEST_SUMMARY total=1 failed=1 skipped_gate=0 duration_ms=10764
FM_TEST_SUMMARY_FAMILY family=pure-contract-unit count=1 duration_ms=10703 failed=1
FM_TEST_SLOWEST rank=1 script=tests/fm-brief.test.sh duration_ms=10703
exit=1
